// Jest Snapshot v1, https://goo.gl/fbAQLP

exports[`ListContainer renders a list of Star Wars characters 1`] = `
<ul
  aria-label="character-list"
/>
`;
